***********************************************Основное задание*************************************************

dima@dima-Latitude-7480:~/study/otus/test$ vagrant ssh
Last login: Tue Dec  6 13:41:40 2022 from 10.0.2.2
[vagrant@lvm1 ~]$ sudo -i
[root@lvm1 ~]# update-grub
-bash: update-grub: command not found
[root@lvm1 ~]# grub
grub2-bios-setup           grub2-glue-efi             grub2-mkconfig             grub2-mkpasswd-pbkdf2      grub2-probe                grub2-set-default          
grub2-editenv              grub2-install              grub2-mkfont               grub2-mkrelpath            grub2-reboot               grub2-setpassword          
grub2-file                 grub2-kbdcomp              grub2-mkimage              grub2-mkrescue             grub2-render-label         grub2-sparc64-setup        
grub2-fstest               grub2-macbless             grub2-mklayout             grub2-mkstandalone         grub2-rpm-sort             grub2-syslinux2cfg         
grub2-get-kernel-settings  grub2-menulst2cfg          grub2-mknetdir             grub2-ofpathname           grub2-script-check         grubby                     
[root@lvm1 ~]# 
[root@lvm1 ~]# 
[root@lvm1 ~]# 
[root@lvm1 ~]# 
[root@lvm1 ~]# nano /usr/sbin/update-grub
-bash: nano: command not found
[root@lvm1 ~]# vi /usr/sbin/update-grub
[root@lvm1 ~]# chown root:root /usr/sbin/update-grub
[root@lvm1 ~]# chmod 755 /usr/sbin/update-grub
[root@lvm1 ~]# df -hT
Filesystem                      Type      Size  Used Avail Use% Mounted on
/dev/mapper/VolGroup00-LogVol00 xfs        38G  838M   37G   3% /
devtmpfs                        devtmpfs  109M     0  109M   0% /dev
tmpfs                           tmpfs     118M     0  118M   0% /dev/shm
tmpfs                           tmpfs     118M  4.6M  114M   4% /run
tmpfs                           tmpfs     118M     0  118M   0% /sys/fs/cgroup
/dev/sda2                       xfs      1014M   63M  952M   7% /boot
tmpfs                           tmpfs      24M     0   24M   0% /run/user/1000
tmpfs                           tmpfs      24M     0   24M   0% /run/user/0
[root@lvm1 ~]# lsblk
NAME                    MAJ:MIN RM  SIZE RO TYPE MOUNTPOINT
sda                       8:0    0   40G  0 disk 
├─sda1                    8:1    0    1M  0 part 
├─sda2                    8:2    0    1G  0 part /boot
└─sda3                    8:3    0   39G  0 part 
  ├─VolGroup00-LogVol00 253:0    0 37.5G  0 lvm  /
  └─VolGroup00-LogVol01 253:1    0  1.5G  0 lvm  [SWAP]
sdb                       8:16   0   10G  0 disk 
sdc                       8:32   0    2G  0 disk 
sdd                       8:48   0    1G  0 disk 
sde                       8:64   0    1G  0 disk 
[root@lvm1 ~]# yum -y install xfsdump
Loaded plugins: fastestmirror
Loading mirror speeds from cached hostfile
 * base: mirror.docker.ru
 * extras: centos-mirror.rbc.ru
 * updates: centos-mirror.rbc.ru
Resolving Dependencies
--> Running transaction check
---> Package xfsdump.x86_64 0:3.1.7-2.el7_9 will be installed
--> Processing Dependency: attr >= 2.0.0 for package: xfsdump-3.1.7-2.el7_9.x86_64
--> Running transaction check
---> Package attr.x86_64 0:2.4.46-13.el7 will be installed
--> Finished Dependency Resolution

Dependencies Resolved

===========================================================================================================================================================================================================
 Package                                        Arch                                          Version                                                 Repository                                      Size
===========================================================================================================================================================================================================
Installing:
 xfsdump                                        x86_64                                        3.1.7-2.el7_9                                           updates                                        308 k
Installing for dependencies:
 attr                                           x86_64                                        2.4.46-13.el7                                           base                                            66 k

Transaction Summary
===========================================================================================================================================================================================================
Install  1 Package (+1 Dependent package)

Total download size: 374 k
Installed size: 1.1 M
Downloading packages:
(1/2): attr-2.4.46-13.el7.x86_64.rpm                                                                                                                                                |  66 kB  00:00:00     
(2/2): xfsdump-3.1.7-2.el7_9.x86_64.rpm                                                                                                                                             | 308 kB  00:00:00     
-----------------------------------------------------------------------------------------------------------------------------------------------------------------------------------------------------------
Total                                                                                                                                                                      562 kB/s | 374 kB  00:00:00     
Running transaction check
Running transaction test
Transaction test succeeded
Running transaction
  Installing : attr-2.4.46-13.el7.x86_64                                                                                                                                                               1/2 
  Installing : xfsdump-3.1.7-2.el7_9.x86_64                                                                                                                                                            2/2 
  Verifying  : attr-2.4.46-13.el7.x86_64                                                                                                                                                               1/2 
  Verifying  : xfsdump-3.1.7-2.el7_9.x86_64                                                                                                                                                            2/2 

Installed:
  xfsdump.x86_64 0:3.1.7-2.el7_9                                                                                                                                                                           

Dependency Installed:
  attr.x86_64 0:2.4.46-13.el7                                                                                                                                                                              

Complete!
[root@lvm1 ~]# pvcreate /dev/sdb
  Physical volume "/dev/sdb" successfully created.
[root@lvm1 ~]# vgcreate vg_root /dev/sdb
  Volume group "vg_root" successfully created
[root@lvm1 ~]# lvcreate -n lv_root -l +100%FREE /dev/vg_root
  Logical volume "lv_root" created.
[root@lvm1 ~]# mkfs.xfs /dev/vg_root/lv_root
meta-data=/dev/vg_root/lv_root   isize=512    agcount=4, agsize=655104 blks
         =                       sectsz=512   attr=2, projid32bit=1
         =                       crc=1        finobt=0, sparse=0
data     =                       bsize=4096   blocks=2620416, imaxpct=25
         =                       sunit=0      swidth=0 blks
naming   =version 2              bsize=4096   ascii-ci=0 ftype=1
log      =internal log           bsize=4096   blocks=2560, version=2
         =                       sectsz=512   sunit=0 blks, lazy-count=1
realtime =none                   extsz=4096   blocks=0, rtextents=0
[root@lvm1 ~]# mount /dev/vg_root/lv_root /mnt
[root@lvm1 ~]# xfsdump -J - /dev/VolGroup00/LogVol00 | xfsrestore -J - /mnt
xfsrestore: using file dump (drive_simple) strategy
xfsrestore: version 3.1.7 (dump format 3.0)
xfsdump: using file dump (drive_simple) strategy
xfsdump: version 3.1.7 (dump format 3.0)
xfsdump: level 0 dump of lvm1:/
xfsdump: dump date: Tue Dec  6 14:10:10 2022
xfsdump: session id: 263d1d6d-1f1a-4762-af6e-be1f3df6ab7a
xfsdump: session label: ""
xfsdump: ino map phase 1: constructing initial dump list
xfsrestore: searching media for dump
xfsdump: ino map phase 2: skipping (no pruning necessary)
xfsdump: ino map phase 3: skipping (only one dump stream)
xfsdump: ino map construction complete
xfsdump: estimated dump size: 840273600 bytes
xfsdump: creating dump session media file 0 (media 0, file 0)
xfsdump: dumping ino map
xfsdump: dumping directories
xfsrestore: examining media file 0
xfsrestore: dump description: 
xfsrestore: hostname: lvm1
xfsrestore: mount point: /
xfsrestore: volume: /dev/mapper/VolGroup00-LogVol00
xfsrestore: session time: Tue Dec  6 14:10:10 2022
xfsrestore: level: 0
xfsrestore: session label: ""
xfsrestore: media label: ""
xfsrestore: file system id: b60e9498-0baa-4d9f-90aa-069048217fee
xfsrestore: session id: 263d1d6d-1f1a-4762-af6e-be1f3df6ab7a
xfsrestore: media id: f69d8b13-6e6a-4111-84c3-318060592cc1
xfsrestore: searching media for directory dump
xfsrestore: reading directories
xfsdump: dumping non-directory files
xfsrestore: 2699 directories and 23615 entries processed
xfsrestore: directory post-processing
xfsrestore: restoring non-directory files
xfsdump: ending media file
xfsdump: media file size 817339400 bytes
xfsdump: dump size (non-dir files) : 804171128 bytes
xfsdump: dump complete: 10 seconds elapsed
xfsdump: Dump Status: SUCCESS
xfsrestore: restore complete: 10 seconds elapsed
xfsrestore: Restore Status: SUCCESS
[root@lvm1 ~]# cat /dev/mapper/
control              vg_root-lv_root      VolGroup00-LogVol00  VolGroup00-LogVol01  
[root@lvm1 ~]# for i in /proc/ /sys/ /dev/ /run/ /boot/; do mount --bind $i /mnt/$i; done
[root@lvm1 ~]# chroot /mnt/
[root@lvm1 /]# grub2-mkconfig -o /boot/grub2/grub.cfg
Generating grub configuration file ...
Found linux image: /boot/vmlinuz-3.10.0-862.2.3.el7.x86_64
Found initrd image: /boot/initramfs-3.10.0-862.2.3.el7.x86_64.img
done
[root@lvm1 /]# cd /boot ; for i in `ls initramfs-*img`; do dracut -v $i `echo $i|sed "s/initramfs-//g;
> s/.img//g"` --force; done
Executing: /sbin/dracut -v initramfs-3.10.0-862.2.3.el7.x86_64.img 3.10.0-862.2.3.el7.x86_64 --force
dracut module 'busybox' will not be installed, because command 'busybox' could not be found!
dracut module 'crypt' will not be installed, because command 'cryptsetup' could not be found!
dracut module 'dmraid' will not be installed, because command 'dmraid' could not be found!
dracut module 'dmsquash-live-ntfs' will not be installed, because command 'ntfs-3g' could not be found!
dracut module 'multipath' will not be installed, because command 'multipath' could not be found!
dracut module 'busybox' will not be installed, because command 'busybox' could not be found!
dracut module 'crypt' will not be installed, because command 'cryptsetup' could not be found!
dracut module 'dmraid' will not be installed, because command 'dmraid' could not be found!
dracut module 'dmsquash-live-ntfs' will not be installed, because command 'ntfs-3g' could not be found!
dracut module 'multipath' will not be installed, because command 'multipath' could not be found!
*** Including module: bash ***
*** Including module: nss-softokn ***
*** Including module: i18n ***
*** Including module: drm ***
*** Including module: plymouth ***
*** Including module: dm ***
Skipping udev rule: 64-device-mapper.rules
Skipping udev rule: 60-persistent-storage-dm.rules
Skipping udev rule: 55-dm.rules
*** Including module: kernel-modules ***
Omitting driver floppy
*** Including module: lvm ***
Skipping udev rule: 64-device-mapper.rules
Skipping udev rule: 56-lvm.rules
Skipping udev rule: 60-persistent-storage-lvm.rules
*** Including module: qemu ***
*** Including module: resume ***
*** Including module: rootfs-block ***
*** Including module: terminfo ***
*** Including module: udev-rules ***
Skipping udev rule: 40-redhat-cpu-hotplug.rules
Skipping udev rule: 91-permissions.rules
*** Including module: biosdevname ***
*** Including module: systemd ***
*** Including module: usrmount ***
*** Including module: base ***
*** Including module: fs-lib ***
*** Including module: shutdown ***
*** Including modules done ***
*** Installing kernel module dependencies and firmware ***
*** Installing kernel module dependencies and firmware done ***
*** Resolving executable dependencies ***
*** Resolving executable dependencies done***
*** Hardlinking files ***
*** Hardlinking files done ***
*** Stripping files ***
*** Stripping files done ***
*** Generating early-microcode cpio image contents ***
*** No early-microcode cpio image needed ***
*** Store current command line parameters ***
*** Creating image file ***
*** Creating image file done ***
*** Creating initramfs image file '/boot/initramfs-3.10.0-862.2.3.el7.x86_64.img' done ***
[root@lvm1 boot]# vi /boot/grub2/
device.map  fonts/      grub.cfg    grubenv     i386-pc/    locale/     
[root@lvm1 boot]# vi /boot/grub2/grub.cfg 
[root@lvm1 boot]# vi /etc/default/grub 
[root@lvm1 boot]# vi /boot/grub2/grub.cfg 
[root@lvm1 boot]# vi /etc/default/grub 
[root@lvm1 boot]# cat /etc/default/grub 
GRUB_TIMEOUT=1
GRUB_DISTRIBUTOR="$(sed 's, release .*$,,g' /etc/system-release)"
GRUB_DEFAULT=saved
GRUB_DISABLE_SUBMENU=true
GRUB_TERMINAL_OUTPUT="console"
GRUB_CMDLINE_LINUX="no_timer_check console=tty0 console=ttyS0,115200n8 net.ifnames=0 biosdevname=0 elevator=noop crashkernel=auto rd.lvm.lv=vg_root/lv_root rd.lvm.lv=VolGroup00/LogVol01 rhgb quiet"
GRUB_DISABLE_RECOVERY="true"
[root@lvm1 boot]# update-grub 
/sbin/update-grub: line 3: exec: grub-mkconfig: not found
[root@lvm1 boot]# grub
grub                       grub2-get-kernel-settings  grub2-menulst2cfg          grub2-mknetdir             grub2-ofpathname           grub2-script-check         grubby
grub2-bios-setup           grub2-glue-efi             grub2-mkconfig             grub2-mkpasswd-pbkdf2      grub2-probe                grub2-set-default          
grub2-editenv              grub2-install              grub2-mkfont               grub2-mkrelpath            grub2-reboot               grub2-setpassword          
grub2-file                 grub2-kbdcomp              grub2-mkimage              grub2-mkrescue             grub2-render-label         grub2-sparc64-setup        
grub2-fstest               grub2-macbless             grub2-mklayout             grub2-mkstandalone         grub2-rpm-sort             grub2-syslinux2cfg         
[root@lvm1 boot]# nano /usr/sbin/update-
update-alternatives   update-grub           update-smart-drivedb  
[root@lvm1 boot]# vi /usr/sbin/update-grub 
[root@lvm1 boot]# update-grub 
Generating grub configuration file ...
Found linux image: /boot/vmlinuz-3.10.0-862.2.3.el7.x86_64
Found initrd image: /boot/initramfs-3.10.0-862.2.3.el7.x86_64.img
done
[root@lvm1 boot]# reboot
Running in chroot, ignoring request.
[root@lvm1 boot]# exit
exit
[root@lvm1 ~]# reboot
Connection to 127.0.0.1 closed by remote host.
dima@dima-Latitude-7480:~/study/otus/test$ vagrant ssh
dima@dima-Latitude-7480:~/study/otus/test$ vagrant ssh
Last login: Tue Dec  6 13:46:38 2022 from 10.0.2.2
[vagrant@lvm1 ~]$ lsblk
NAME                    MAJ:MIN RM  SIZE RO TYPE MOUNTPOINT
sda                       8:0    0   40G  0 disk 
├─sda1                    8:1    0    1M  0 part 
├─sda2                    8:2    0    1G  0 part /boot
└─sda3                    8:3    0   39G  0 part 
  ├─VolGroup00-LogVol01 253:1    0  1.5G  0 lvm  [SWAP]
  └─VolGroup00-LogVol00 253:2    0 37.5G  0 lvm  
sdb                       8:16   0   10G  0 disk 
└─vg_root-lv_root       253:0    0   10G  0 lvm  /
sdc                       8:32   0    2G  0 disk 
sdd                       8:48   0    1G  0 disk 
sde                       8:64   0    1G  0 disk 
[vagrant@lvm1 ~]$ lvremove /dev/VolGroup00/LogVol00
  WARNING: Running as a non-root user. Functionality may be unavailable.
  /run/lvm/lvmetad.socket: access failed: Permission denied
  WARNING: Failed to connect to lvmetad. Falling back to device scanning.
  /dev/mapper/control: open failed: Permission denied
  Failure to communicate with kernel device-mapper driver.
  Incompatible libdevmapper 1.02.146-RHEL7 (2018-01-22) and kernel driver (unknown version).
  /run/lock/lvm/V_VolGroup00:aux: open failed: Permission denied
  Can't get lock for VolGroup00
  Cannot process volume group VolGroup00
[vagrant@lvm1 ~]$ sudo -i
[root@lvm1 ~]# lvremove /dev/VolGroup00/LogVol00
Do you really want to remove active logical volume VolGroup00/LogVol00? [y/n]: y
  Logical volume "LogVol00" successfully removed
[root@lvm1 ~]# lvcreate -n VolGroup00/LogVol00 -L 8G /dev/VolGroup00
WARNING: xfs signature detected on /dev/VolGroup00/LogVol00 at offset 0. Wipe it? [y/n]: y
  Wiping xfs signature on /dev/VolGroup00/LogVol00.
  Logical volume "LogVol00" created.
[root@lvm1 ~]# mkfs.xfs /dev/VolGroup00/LogVol00
meta-data=/dev/VolGroup00/LogVol00 isize=512    agcount=4, agsize=524288 blks
         =                       sectsz=512   attr=2, projid32bit=1
         =                       crc=1        finobt=0, sparse=0
data     =                       bsize=4096   blocks=2097152, imaxpct=25
         =                       sunit=0      swidth=0 blks
naming   =version 2              bsize=4096   ascii-ci=0 ftype=1
log      =internal log           bsize=4096   blocks=2560, version=2
         =                       sectsz=512   sunit=0 blks, lazy-count=1
realtime =none                   extsz=4096   blocks=0, rtextents=0
[root@lvm1 ~]# mount /dev/VolGroup00/LogVol00 /mnt
[root@lvm1 ~]# xfsdump -J - /dev/vg_root/lv_root | xfsrestore -J - /mnt
xfsdump: using file dump (drive_simple) strategy
xfsdump: version 3.1.7 (dump format 3.0)
xfsdump: level 0 dump of lvm1:/
xfsdump: dump date: Tue Dec  6 15:03:30 2022
xfsdump: session id: c69dfdbc-f6f2-4ffd-870c-6fa955d132e2
xfsdump: session label: ""
xfsrestore: using file dump (drive_simple) strategy
xfsrestore: version 3.1.7 (dump format 3.0)
xfsrestore: searching media for dump
xfsdump: ino map phase 1: constructing initial dump list
xfsdump: ino map phase 2: skipping (no pruning necessary)
xfsdump: ino map phase 3: skipping (only one dump stream)
xfsdump: ino map construction complete
xfsdump: estimated dump size: 839398656 bytes
xfsdump: creating dump session media file 0 (media 0, file 0)
xfsdump: dumping ino map
xfsdump: dumping directories
xfsrestore: examining media file 0
xfsrestore: dump description: 
xfsrestore: hostname: lvm1
xfsrestore: mount point: /
xfsrestore: volume: /dev/mapper/vg_root-lv_root
xfsrestore: session time: Tue Dec  6 15:03:30 2022
xfsrestore: level: 0
xfsrestore: session label: ""
xfsrestore: media label: ""
xfsrestore: file system id: c1428954-2640-4165-8ebc-10be94acef74
xfsrestore: session id: c69dfdbc-f6f2-4ffd-870c-6fa955d132e2
xfsrestore: media id: 32497086-7fbc-4b4b-9574-867692c11492
xfsrestore: searching media for directory dump
xfsrestore: reading directories
xfsdump: dumping non-directory files
xfsrestore: 2703 directories and 23620 entries processed
xfsrestore: directory post-processing
xfsrestore: restoring non-directory files
xfsdump: ending media file
xfsdump: media file size 815970376 bytes
xfsdump: dump size (non-dir files) : 802798416 bytes
xfsdump: dump complete: 13 seconds elapsed
xfsdump: Dump Status: SUCCESS
xfsrestore: restore complete: 13 seconds elapsed
xfsrestore: Restore Status: SUCCESS
[root@lvm1 ~]# for i in /proc/ /sys/ /dev/ /run/ /boot/; do mount --bind $i /mnt/$i; done
[root@lvm1 ~]# chroot /mnt/
[root@lvm1 /]# grub2-mkconfig -o /boot/grub2/grub.cfg
Generating grub configuration file ...
Found linux image: /boot/vmlinuz-3.10.0-862.2.3.el7.x86_64
Found initrd image: /boot/initramfs-3.10.0-862.2.3.el7.x86_64.img
done
[root@lvm1 /]# cd /boot ; for i in `ls initramfs-*img`; do dracut -v $i `echo $i|sed "s/initramfs-//g;
> s/.img//g"` --force; done
Executing: /sbin/dracut -v initramfs-3.10.0-862.2.3.el7.x86_64.img 3.10.0-862.2.3.el7.x86_64 --force
dracut module 'busybox' will not be installed, because command 'busybox' could not be found!
dracut module 'crypt' will not be installed, because command 'cryptsetup' could not be found!
dracut module 'dmraid' will not be installed, because command 'dmraid' could not be found!
dracut module 'dmsquash-live-ntfs' will not be installed, because command 'ntfs-3g' could not be found!
dracut module 'multipath' will not be installed, because command 'multipath' could not be found!
dracut module 'busybox' will not be installed, because command 'busybox' could not be found!
dracut module 'crypt' will not be installed, because command 'cryptsetup' could not be found!
dracut module 'dmraid' will not be installed, because command 'dmraid' could not be found!
dracut module 'dmsquash-live-ntfs' will not be installed, because command 'ntfs-3g' could not be found!
dracut module 'multipath' will not be installed, because command 'multipath' could not be found!
*** Including module: bash ***
*** Including module: nss-softokn ***
*** Including module: i18n ***
*** Including module: drm ***
*** Including module: plymouth ***
*** Including module: dm ***
Skipping udev rule: 64-device-mapper.rules
Skipping udev rule: 60-persistent-storage-dm.rules
Skipping udev rule: 55-dm.rules
*** Including module: kernel-modules ***
Omitting driver floppy
*** Including module: lvm ***
Skipping udev rule: 64-device-mapper.rules
Skipping udev rule: 56-lvm.rules
Skipping udev rule: 60-persistent-storage-lvm.rules
*** Including module: qemu ***
*** Including module: resume ***
*** Including module: rootfs-block ***
*** Including module: terminfo ***
*** Including module: udev-rules ***
Skipping udev rule: 40-redhat-cpu-hotplug.rules
Skipping udev rule: 91-permissions.rules
*** Including module: biosdevname ***
*** Including module: systemd ***
*** Including module: usrmount ***
*** Including module: base ***
*** Including module: fs-lib ***
*** Including module: shutdown ***
*** Including modules done ***
*** Installing kernel module dependencies and firmware ***
*** Installing kernel module dependencies and firmware done ***
*** Resolving executable dependencies ***
*** Resolving executable dependencies done***
*** Hardlinking files ***
*** Hardlinking files done ***
*** Stripping files ***
*** Stripping files done ***
*** Generating early-microcode cpio image contents ***
*** No early-microcode cpio image needed ***
*** Store current command line parameters ***
*** Creating image file ***
*** Creating image file done ***
*** Creating initramfs image file '/boot/initramfs-3.10.0-862.2.3.el7.x86_64.img' done ***
[root@lvm1 boot]# pvcreate /dev/sdc /dev/sdd
  Physical volume "/dev/sdc" successfully created.
  Physical volume "/dev/sdd" successfully created.
[root@lvm1 boot]# vgcreate vg_var /dev/sdc /dev/sdd
  Volume group "vg_var" successfully created
[root@lvm1 boot]# lvcreate -L 950M -m1 -n lv_var vg_var
  Rounding up size to full physical extent 952.00 MiB
  Logical volume "lv_var" created.
[root@lvm1 boot]# mkfs.ext4 /dev/vg_var/lv_var
mke2fs 1.42.9 (28-Dec-2013)
Filesystem label=
OS type: Linux
Block size=4096 (log=2)
Fragment size=4096 (log=2)
Stride=0 blocks, Stripe width=0 blocks
60928 inodes, 243712 blocks
12185 blocks (5.00%) reserved for the super user
First data block=0
Maximum filesystem blocks=249561088
8 block groups
32768 blocks per group, 32768 fragments per group
7616 inodes per group
Superblock backups stored on blocks: 
	32768, 98304, 163840, 229376

Allocating group tables: done                            
Writing inode tables: done                            
Creating journal (4096 blocks): done
Writing superblocks and filesystem accounting information: done

[root@lvm1 boot]# mount /dev/vg_var/lv_var /mnt
[root@lvm1 boot]# cp -aR /var/* /mnt/ # rsync -avHPSAX /var/ /mnt/
[root@lvm1 boot]# mkdir /tmp/oldvar && mv /var/* /tmp/oldvar
[root@lvm1 boot]# umount /mnt
[root@lvm1 boot]# mount /dev/vg_var/lv_var /var
[root@lvm1 boot]# echo "`blkid | grep var: | awk '{print $2}'` /var ext4 defaults 0 0" >> /etc/fstab
[root@lvm1 boot]# cat /etc/default/grub 
GRUB_TIMEOUT=1
GRUB_DISTRIBUTOR="$(sed 's, release .*$,,g' /etc/system-release)"
GRUB_DEFAULT=saved
GRUB_DISABLE_SUBMENU=true
GRUB_TERMINAL_OUTPUT="console"
GRUB_CMDLINE_LINUX="no_timer_check console=tty0 console=ttyS0,115200n8 net.ifnames=0 biosdevname=0 elevator=noop crashkernel=auto rd.lvm.lv=vg_root/lv_root rd.lvm.lv=VolGroup00/LogVol01 rhgb quiet"
GRUB_DISABLE_RECOVERY="true"
[root@lvm1 boot]# exit
exit
[root@lvm1 ~]# cat /etc/de
default/  depmod.d/ 
[root@lvm1 ~]# cat /etc/default/grub 
GRUB_TIMEOUT=1
GRUB_DISTRIBUTOR="$(sed 's, release .*$,,g' /etc/system-release)"
GRUB_DEFAULT=saved
GRUB_DISABLE_SUBMENU=true
GRUB_TERMINAL_OUTPUT="console"
GRUB_CMDLINE_LINUX="no_timer_check console=tty0 console=ttyS0,115200n8 net.ifnames=0 biosdevname=0 elevator=noop crashkernel=auto rd.lvm.lv=vg_root/lv_root rd.lvm.lv=VolGroup00/LogVol01 rhgb quiet"
GRUB_DISABLE_RECOVERY="true"
[root@lvm1 ~]# vi /etc/default/grub 
[root@lvm1 ~]# update-grub 
Generating grub configuration file ...
Found linux image: /boot/vmlinuz-3.10.0-862.2.3.el7.x86_64
Found initrd image: /boot/initramfs-3.10.0-862.2.3.el7.x86_64.img
Found CentOS Linux release 7.5.1804 (Core)  on /dev/mapper/VolGroup00-LogVol00
done
[root@lvm1 ~]# reboot
Connection to 127.0.0.1 closed by remote host.
dima@dima-Latitude-7480:~/study/otus/test$ 

REBOOT

dima@dima-Latitude-7480:~/study/otus/test$ vagrant ssh
Last login: Tue Dec  6 15:01:06 2022 from 10.0.2.2
[vagrant@lvm1 ~]$ lsblk
NAME                     MAJ:MIN RM  SIZE RO TYPE MOUNTPOINT
sda                        8:0    0   40G  0 disk 
├─sda1                     8:1    0    1M  0 part 
├─sda2                     8:2    0    1G  0 part /boot
└─sda3                     8:3    0   39G  0 part 
  ├─VolGroup00-LogVol00  253:0    0    8G  0 lvm  /
  └─VolGroup00-LogVol01  253:1    0  1.5G  0 lvm  [SWAP]
sdb                        8:16   0   10G  0 disk 
└─vg_root-lv_root        253:2    0   10G  0 lvm  
sdc                        8:32   0    2G  0 disk 
├─vg_var-lv_var_rmeta_0  253:3    0    4M  0 lvm  
│ └─vg_var-lv_var        253:7    0  952M  0 lvm  /var
└─vg_var-lv_var_rimage_0 253:4    0  952M  0 lvm  
  └─vg_var-lv_var        253:7    0  952M  0 lvm  /var
sdd                        8:48   0    1G  0 disk 
├─vg_var-lv_var_rmeta_1  253:5    0    4M  0 lvm  
│ └─vg_var-lv_var        253:7    0  952M  0 lvm  /var
└─vg_var-lv_var_rimage_1 253:6    0  952M  0 lvm  
  └─vg_var-lv_var        253:7    0  952M  0 lvm  /var
sde                        8:64   0    1G  0 disk 
[vagrant@lvm1 ~]$ df -h
Filesystem                       Size  Used Avail Use% Mounted on
/dev/mapper/VolGroup00-LogVol00  8.0G  838M  7.2G  11% /
devtmpfs                         110M     0  110M   0% /dev
tmpfs                            118M     0  118M   0% /dev/shm
tmpfs                            118M  4.5M  114M   4% /run
tmpfs                            118M     0  118M   0% /sys/fs/cgroup
/dev/sda2                       1014M   62M  953M   7% /boot
/dev/mapper/vg_var-lv_var        922M  213M  646M  25% /var
[vagrant@lvm1 ~]$ 



[root@lvm1 ~]# reboot
Connection to 127.0.0.1 closed by remote host.
dima@dima-Latitude-7480:~/study/otus/test$ vagrant ssh
Last login: Tue Dec  6 15:01:06 2022 from 10.0.2.2
[vagrant@lvm1 ~]$ lsblk
NAME                     MAJ:MIN RM  SIZE RO TYPE MOUNTPOINT
sda                        8:0    0   40G  0 disk 
├─sda1                     8:1    0    1M  0 part 
├─sda2                     8:2    0    1G  0 part /boot
└─sda3                     8:3    0   39G  0 part 
  ├─VolGroup00-LogVol00  253:0    0    8G  0 lvm  /
  └─VolGroup00-LogVol01  253:1    0  1.5G  0 lvm  [SWAP]
sdb                        8:16   0   10G  0 disk 
└─vg_root-lv_root        253:2    0   10G  0 lvm  
sdc                        8:32   0    2G  0 disk 
├─vg_var-lv_var_rmeta_0  253:3    0    4M  0 lvm  
│ └─vg_var-lv_var        253:7    0  952M  0 lvm  /var
└─vg_var-lv_var_rimage_0 253:4    0  952M  0 lvm  
  └─vg_var-lv_var        253:7    0  952M  0 lvm  /var
sdd                        8:48   0    1G  0 disk 
├─vg_var-lv_var_rmeta_1  253:5    0    4M  0 lvm  
│ └─vg_var-lv_var        253:7    0  952M  0 lvm  /var
└─vg_var-lv_var_rimage_1 253:6    0  952M  0 lvm  
  └─vg_var-lv_var        253:7    0  952M  0 lvm  /var
sde                        8:64   0    1G  0 disk 
[vagrant@lvm1 ~]$ df -h
Filesystem                       Size  Used Avail Use% Mounted on
/dev/mapper/VolGroup00-LogVol00  8.0G  838M  7.2G  11% /
devtmpfs                         110M     0  110M   0% /dev
tmpfs                            118M     0  118M   0% /dev/shm
tmpfs                            118M  4.5M  114M   4% /run
tmpfs                            118M     0  118M   0% /sys/fs/cgroup
/dev/sda2                       1014M   62M  953M   7% /boot
/dev/mapper/vg_var-lv_var        922M  213M  646M  25% /var
[vagrant@lvm1 ~]$ lvremove /dev/vg_root/lv_root
  WARNING: Running as a non-root user. Functionality may be unavailable.
  /run/lvm/lvmetad.socket: access failed: Permission denied
  WARNING: Failed to connect to lvmetad. Falling back to device scanning.
  /dev/mapper/control: open failed: Permission denied
  Failure to communicate with kernel device-mapper driver.
  Incompatible libdevmapper 1.02.146-RHEL7 (2018-01-22) and kernel driver (unknown version).
  /run/lock/lvm/V_vg_root:aux: open failed: Permission denied
  Can't get lock for vg_root
  Cannot process volume group vg_root
[vagrant@lvm1 ~]$ sudo -i
[root@lvm1 ~]# lvremove /dev/vg_root/lv_root
Do you really want to remove active logical volume vg_root/lv_root? [y/n]: y
  Logical volume "lv_root" successfully removed
[root@lvm1 ~]# vgremove /dev/vg_root
  Volume group "vg_root" successfully removed
[root@lvm1 ~]# pvremove /dev/sdb
  Labels on physical volume "/dev/sdb" successfully wiped.
[root@lvm1 ~]# lvs
  LV       VG         Attr       LSize   Pool Origin Data%  Meta%  Move Log Cpy%Sync Convert
  LogVol00 VolGroup00 -wi-ao----   8.00g                                                    
  LogVol01 VolGroup00 -wi-ao----   1.50g                                                    
  lv_var   vg_var     rwi-aor--- 952.00m                                    100.00          
[root@lvm1 ~]# vgs
  VG         #PV #LV #SN Attr   VSize   VFree  
  VolGroup00   1   2   0 wz--n- <38.97g <29.47g
  vg_var       2   1   0 wz--n-   2.99g   1.12g
[root@lvm1 ~]# lvcreate -n LogVol_Home -L 2G /dev/VolGroup00
  Logical volume "LogVol_Home" created.
[root@lvm1 ~]# mkfs.xfs /dev/VolGroup00/LogVol_Home
meta-data=/dev/VolGroup00/LogVol_Home isize=512    agcount=4, agsize=131072 blks
         =                       sectsz=512   attr=2, projid32bit=1
         =                       crc=1        finobt=0, sparse=0
data     =                       bsize=4096   blocks=524288, imaxpct=25
         =                       sunit=0      swidth=0 blks
naming   =version 2              bsize=4096   ascii-ci=0 ftype=1
log      =internal log           bsize=4096   blocks=2560, version=2
         =                       sectsz=512   sunit=0 blks, lazy-count=1
realtime =none                   extsz=4096   blocks=0, rtextents=0
[root@lvm1 ~]# mount /dev/VolGroup00/LogVol_Home /mnt/
[root@lvm1 ~]# cp -aR /home/* /mnt/
[root@lvm1 ~]# rm -rf /home/*
[root@lvm1 ~]# umount /mnt
[root@lvm1 ~]# mount /dev/VolGroup00/LogVol_Home /home/
[root@lvm1 ~]# echo "`blkid | grep Home | awk '{print $2}'` /home xfs defaults 0 0" >> /etc/fstab
[root@lvm1 ~]# touch /home/file{1..20}
[root@lvm1 ~]# cat /etc/fstab 

#
# /etc/fstab
# Created by anaconda on Sat May 12 18:50:26 2018
#
# Accessible filesystems, by reference, are maintained under '/dev/disk'
# See man pages fstab(5), findfs(8), mount(8) and/or blkid(8) for more info
#
/dev/mapper/VolGroup00-LogVol00 /                       xfs     defaults        0 0
UUID=570897ca-e759-4c81-90cf-389da6eee4cc /boot                   xfs     defaults        0 0
/dev/mapper/VolGroup00-LogVol01 swap                    swap    defaults        0 0
#VAGRANT-BEGIN
# The contents below are automatically generated by Vagrant. Do not modify.
#VAGRANT-END
UUID="c9f8a066-4544-4066-bebc-e7567462dd9e" /var ext4 defaults 0 0
UUID="c66c0c0a-ba4c-4410-8eb2-2ba8b22cca90" /home xfs defaults 0 0
[root@lvm1 ~]# lvcreate -L 100MB -s -n home_snap /dev/VolGroup00/LogVol_Home
  Rounding up size to full physical extent 128.00 MiB
  Logical volume "home_snap" created.
[root@lvm1 ~]# rm -f /home/file{11..20}
[root@lvm1 ~]# umount /home
[root@lvm1 ~]# mount /home
[root@lvm1 ~]# ll /home/
total 0
-rw-r--r--. 1 root    root     0 Dec  7 07:47 file1
-rw-r--r--. 1 root    root     0 Dec  7 07:47 file10
-rw-r--r--. 1 root    root     0 Dec  7 07:47 file2
-rw-r--r--. 1 root    root     0 Dec  7 07:47 file3
-rw-r--r--. 1 root    root     0 Dec  7 07:47 file4
-rw-r--r--. 1 root    root     0 Dec  7 07:47 file5
-rw-r--r--. 1 root    root     0 Dec  7 07:47 file6
-rw-r--r--. 1 root    root     0 Dec  7 07:47 file7
-rw-r--r--. 1 root    root     0 Dec  7 07:47 file8
-rw-r--r--. 1 root    root     0 Dec  7 07:47 file9
drwx------. 3 vagrant vagrant 95 Dec  6 13:44 vagrant
[root@lvm1 ~]# umount /home
[root@lvm1 ~]# lvconvert --merge /dev/VolGroup00/home_snap
  Merging of volume VolGroup00/home_snap started.
  VolGroup00/LogVol_Home: Merged: 100.00%
[root@lvm1 ~]# mount /home
[root@lvm1 ~]# ll /home/
total 0
-rw-r--r--. 1 root    root     0 Dec  7 07:47 file1
-rw-r--r--. 1 root    root     0 Dec  7 07:47 file10
-rw-r--r--. 1 root    root     0 Dec  7 07:47 file11
-rw-r--r--. 1 root    root     0 Dec  7 07:47 file12
-rw-r--r--. 1 root    root     0 Dec  7 07:47 file13
-rw-r--r--. 1 root    root     0 Dec  7 07:47 file14
-rw-r--r--. 1 root    root     0 Dec  7 07:47 file15
-rw-r--r--. 1 root    root     0 Dec  7 07:47 file16
-rw-r--r--. 1 root    root     0 Dec  7 07:47 file17
-rw-r--r--. 1 root    root     0 Dec  7 07:47 file18
-rw-r--r--. 1 root    root     0 Dec  7 07:47 file19
-rw-r--r--. 1 root    root     0 Dec  7 07:47 file2
-rw-r--r--. 1 root    root     0 Dec  7 07:47 file20
-rw-r--r--. 1 root    root     0 Dec  7 07:47 file3
-rw-r--r--. 1 root    root     0 Dec  7 07:47 file4
-rw-r--r--. 1 root    root     0 Dec  7 07:47 file5
-rw-r--r--. 1 root    root     0 Dec  7 07:47 file6
-rw-r--r--. 1 root    root     0 Dec  7 07:47 file7
-rw-r--r--. 1 root    root     0 Dec  7 07:47 file8
-rw-r--r--. 1 root    root     0 Dec  7 07:47 file9
drwx------. 3 vagrant vagrant 95 Dec  6 13:44 vagrant
[root@lvm1 ~]# 

*****************************************************************Задание со звездочной*********************************************
root@lvm1 ~]# lvs
  LV          VG         Attr       LSize   Pool Origin Data%  Meta%  Move Log Cpy%Sync Convert
  LogVol00    VolGroup00 -wi-ao----   8.00g                                                    
  LogVol01    VolGroup00 -wi-ao----   1.50g                                                    
  LogVol_Home VolGroup00 -wi-ao----   2.00g                                                    
  lv_var      vg_var     rwi-aor--- 952.00m                                    100.00          
[root@lvm1 ~]# vgs
  VG         #PV #LV #SN Attr   VSize   VFree  
  VolGroup00   1   3   0 wz--n- <38.97g <27.47g
  vg_var       2   1   0 wz--n-   2.99g   1.12g
[root@lvm1 ~]# lsblk
NAME                       MAJ:MIN RM  SIZE RO TYPE MOUNTPOINT
sda                          8:0    0   40G  0 disk 
├─sda1                       8:1    0    1M  0 part 
├─sda2                       8:2    0    1G  0 part /boot
└─sda3                       8:3    0   39G  0 part 
  ├─VolGroup00-LogVol00    253:0    0    8G  0 lvm  /
  ├─VolGroup00-LogVol01    253:1    0  1.5G  0 lvm  [SWAP]
  └─VolGroup00-LogVol_Home 253:2    0    2G  0 lvm  /home
sdb                          8:16   0   10G  0 disk 
sdc                          8:32   0    2G  0 disk 
├─vg_var-lv_var_rmeta_0    253:3    0    4M  0 lvm  
│ └─vg_var-lv_var          253:7    0  952M  0 lvm  /var
└─vg_var-lv_var_rimage_0   253:4    0  952M  0 lvm  
  └─vg_var-lv_var          253:7    0  952M  0 lvm  /var
sdd                          8:48   0    1G  0 disk 
├─vg_var-lv_var_rmeta_1    253:5    0    4M  0 lvm  
│ └─vg_var-lv_var          253:7    0  952M  0 lvm  /var
└─vg_var-lv_var_rimage_1   253:6    0  952M  0 lvm  
  └─vg_var-lv_var          253:7    0  952M  0 lvm  /var
sde                          8:64   0    1G  0 disk 
[root@lvm1 ~]# cat /etc/fstab 

#
# /etc/fstab
# Created by anaconda on Sat May 12 18:50:26 2018
#
# Accessible filesystems, by reference, are maintained under '/dev/disk'
# See man pages fstab(5), findfs(8), mount(8) and/or blkid(8) for more info
#
/dev/mapper/VolGroup00-LogVol00 /                       xfs     defaults        0 0
UUID=570897ca-e759-4c81-90cf-389da6eee4cc /boot                   xfs     defaults        0 0
/dev/mapper/VolGroup00-LogVol01 swap                    swap    defaults        0 0
#VAGRANT-BEGIN
# The contents below are automatically generated by Vagrant. Do not modify.
#VAGRANT-END
UUID="c9f8a066-4544-4066-bebc-e7567462dd9e" /var ext4 defaults 0 0
UUID="c66c0c0a-ba4c-4410-8eb2-2ba8b22cca90" /home xfs defaults 0 0
[root@lvm1 ~]# lvcreate -n LogVol_Opt -L 5G /dev/VolGroup00
  Logical volume "LogVol_Opt" created.
[root@lvm1 ~]# mkfs
mkfs         mkfs.btrfs   mkfs.cramfs  mkfs.ext2    mkfs.ext3    mkfs.ext4    mkfs.minix   mkfs.xfs     
[root@lvm1 ~]# mkfs.btrfs /dev/VolGroup00/LogVol
LogVol00     LogVol01     LogVol_Home  LogVol_Opt   
[root@lvm1 ~]# mkfs.btrfs /dev/VolGroup00/LogVol_Opt 
btrfs-progs v4.9.1
See http://btrfs.wiki.kernel.org for more information.

Label:              (null)
UUID:               505fb7f5-646a-40df-989f-71ef59b9a9bb
Node size:          16384
Sector size:        4096
Filesystem size:    5.00GiB
Block group profiles:
  Data:             single            8.00MiB
  Metadata:         DUP             256.00MiB
  System:           DUP               8.00MiB
SSD detected:       no
Incompat features:  extref, skinny-metadata
Number of devices:  1
Devices:
   ID        SIZE  PATH
    1     5.00GiB  /dev/VolGroup00/LogVol_Opt

[root@lvm1 ~]# mount /dev/VolGroup00/LogVol_Opt /opt/
[root@lvm1 ~]# echo "`blkid | grep Opt | awk '{print $2}'` /opt btrfs defaults 0 0" >> /etc/fstab
[root@lvm1 ~]# df -hT
Filesystem                         Type      Size  Used Avail Use% Mounted on
/dev/mapper/VolGroup00-LogVol00    xfs       8.0G  838M  7.2G  11% /
devtmpfs                           devtmpfs  110M     0  110M   0% /dev
tmpfs                              tmpfs     118M     0  118M   0% /dev/shm
tmpfs                              tmpfs     118M  4.5M  114M   4% /run
tmpfs                              tmpfs     118M     0  118M   0% /sys/fs/cgroup
/dev/sda2                          xfs      1014M   62M  953M   7% /boot
/dev/mapper/vg_var-lv_var          ext4      922M  213M  646M  25% /var
/dev/mapper/VolGroup00-LogVol_Home xfs       2.0G   33M  2.0G   2% /home
/dev/mapper/VolGroup00-LogVol_Opt  btrfs     5.0G   17M  4.5G   1% /opt
[root@lvm1 ~]# lvs -a
  LV                VG         Attr       LSize   Pool Origin Data%  Meta%  Move Log Cpy%Sync Convert
  LogVol00          VolGroup00 -wi-ao----   8.00g                                                    
  LogVol01          VolGroup00 -wi-ao----   1.50g                                                    
  LogVol_Home       VolGroup00 -wi-ao----   2.00g                                                    
  LogVol_Opt        VolGroup00 -wi-ao----   5.00g                                                    
  lv_var            vg_var     rwi-aor--- 952.00m                                    100.00          
  [lv_var_rimage_0] vg_var     iwi-aor--- 952.00m                                                    
  [lv_var_rimage_1] vg_var     iwi-aor--- 952.00m                                                    
  [lv_var_rmeta_0]  vg_var     ewi-aor---   4.00m                                                    
  [lv_var_rmeta_1]  vg_var     ewi-aor---   4.00m                                                    
[root@lvm1 ~]# lvcreate -n metacache_lv1 -L20 VolGroup00 /dev/sdb
  Rounding up size to full physical extent 32.00 MiB
  Physical Volume "/dev/sdb" not found in Volume Group "VolGroup00".
[root@lvm1 ~]# lvs
  LV          VG         Attr       LSize   Pool Origin Data%  Meta%  Move Log Cpy%Sync Convert
  LogVol00    VolGroup00 -wi-ao----   8.00g                                                    
  LogVol01    VolGroup00 -wi-ao----   1.50g                                                    
  LogVol_Home VolGroup00 -wi-ao----   2.00g                                                    
  LogVol_Opt  VolGroup00 -wi-ao----   5.00g                                                    
  lv_var      vg_var     rwi-aor--- 952.00m                                    100.00          
[root@lvm1 ~]# pvcreate /dev/sdb
  Physical volume "/dev/sdb" successfully created.
[root@lvm1 ~]# vgextend VolGroup00 /dev/sdb
  Volume group "VolGroup00" successfully extended
[root@lvm1 ~]# lvcreate -n metacache_lv1 -L32 VolGroup00 /dev/sdb
WARNING: xfs signature detected on /dev/VolGroup00/metacache_lv1 at offset 0. Wipe it? [y/n]: y
  Wiping xfs signature on /dev/VolGroup00/metacache_lv1.
  Logical volume "metacache_lv1" created.
[root@lvm1 ~]# lvcreate -n datacache_lv1 -L5G VolGroup00 /dev/sdb
  Logical volume "datacache_lv1" created.
[root@lvm1 ~]# lvconvert --type cache-pool --cachemode writeback --poolmetadata VolGroup00/metacache_lv1 VolGroup00/datacache_lv1
  WARNING: Converting VolGroup00/datacache_lv1 and VolGroup00/metacache_lv1 to cache pool's data and metadata volumes with metadata wiping.
  THIS WILL DESTROY CONTENT OF LOGICAL VOLUME (filesystem etc.)
Do you really want to convert VolGroup00/datacache_lv1 and VolGroup00/metacache_lv1? [y/n]: y
  Converted VolGroup00/datacache_lv1 and VolGroup00/metacache_lv1 to cache pool.
[root@lvm1 ~]# lvconvert --type cache --cachepool VolGroup00/datacache_lv1 VolGroup00/LogVol_Opt
Do you want wipe existing metadata of cache pool VolGroup00/datacache_lv1? [y/n]: y
  Logical volume VolGroup00/LogVol_Opt is now cached.
[root@lvm1 ~]# lvs -a
  LV                    VG         Attr       LSize   Pool            Origin             Data%  Meta%  Move Log Cpy%Sync Convert
  LogVol00              VolGroup00 -wi-ao----   8.00g                                                                           
  LogVol01              VolGroup00 -wi-ao----   1.50g                                                                           
  LogVol_Home           VolGroup00 -wi-ao----   2.00g                                                                           
  LogVol_Opt            VolGroup00 Cwi-aoC---   5.00g [datacache_lv1] [LogVol_Opt_corig] 0.00   2.12            0.00            
  [LogVol_Opt_corig]    VolGroup00 owi-aoC---   5.00g                                                                           
  [datacache_lv1]       VolGroup00 Cwi---C---   5.00g                                    0.00   2.12            0.00            
  [datacache_lv1_cdata] VolGroup00 Cwi-ao----   5.00g                                                                           
  [datacache_lv1_cmeta] VolGroup00 ewi-ao----  32.00m                                                                           
  [lvol0_pmspare]       VolGroup00 ewi-------  32.00m                                                                           
  lv_var                vg_var     rwi-aor--- 952.00m                                                           100.00          
  [lv_var_rimage_0]     vg_var     iwi-aor--- 952.00m                                                                           
  [lv_var_rimage_1]     vg_var     iwi-aor--- 952.00m                                                                           
  [lv_var_rmeta_0]      vg_var     ewi-aor---   4.00m                                                                           
  [lv_var_rmeta_1]      vg_var     ewi-aor---   4.00m                                                                           
[root@lvm1 ~]# /dev/
block/      char/       disk/       hugepages/  mapper/     net/        raw/        snd/        vg_var/     
bsg/        cpu/        fd/         input/      mqueue/     pts/        shm/        vfio/       VolGroup00/ 
[root@lvm1 ~]# cat /dev/VolGroup00/LogVol0
LogVol00  LogVol01  
[root@lvm1 ~]# cat /dev/VolGroup00/LogVol00 
anaconda-ks.cfg  .bash_history    .bash_logout     .bash_profile    .bashrc          .cshrc           original-ks.cfg  .ssh/            .tcshrc          
[root@lvm1 ~]# cat /dev/mapper/
control                         vg_var-lv_var_rimage_1          VolGroup00-datacache_lv1_cdata  VolGroup00-LogVol01             VolGroup00-LogVol_Opt_corig     
vg_var-lv_var                   vg_var-lv_var_rmeta_0           VolGroup00-datacache_lv1_cmeta  VolGroup00-LogVol_Home          
vg_var-lv_var_rimage_0          vg_var-lv_var_rmeta_1           VolGroup00-LogVol00             VolGroup00-LogVol_Opt           
[root@lvm1 ~]# lvcreate -L 5G -s -n snap_opt /dev/mapper/VolGroup00-LogVol_Opt
  Logical volume "snap_opt" created.
[root@lvm1 ~]# lvs
  LV          VG         Attr       LSize   Pool            Origin             Data%  Meta%  Move Log Cpy%Sync Convert
  LogVol00    VolGroup00 -wi-ao----   8.00g                                                                           
  LogVol01    VolGroup00 -wi-ao----   1.50g                                                                           
  LogVol_Home VolGroup00 -wi-ao----   2.00g                                                                           
  LogVol_Opt  VolGroup00 owi-aoC---   5.00g [datacache_lv1] [LogVol_Opt_corig] 0.00   3.10            0.00            
  snap_opt    VolGroup00 swi-a-s---   5.00g                 LogVol_Opt         0.00                                   
  lv_var      vg_var     rwi-aor--- 952.00m                                                           100.00          
[root@lvm1 ~]# df -hT
Filesystem                         Type      Size  Used Avail Use% Mounted on
/dev/mapper/VolGroup00-LogVol00    xfs       8.0G  838M  7.2G  11% /
devtmpfs                           devtmpfs  110M     0  110M   0% /dev
tmpfs                              tmpfs     118M     0  118M   0% /dev/shm
tmpfs                              tmpfs     118M  4.5M  114M   4% /run
tmpfs                              tmpfs     118M     0  118M   0% /sys/fs/cgroup
/dev/sda2                          xfs      1014M   62M  953M   7% /boot
/dev/mapper/vg_var-lv_var          ext4      922M  213M  646M  25% /var
/dev/mapper/VolGroup00-LogVol_Home xfs       2.0G   33M  2.0G   2% /home
/dev/mapper/VolGroup00-snap_opt    btrfs     5.0G   17M  4.5G   1% /opt
[root@lvm1 ~]# lsblk
NAME                             MAJ:MIN RM  SIZE RO TYPE MOUNTPOINT
sda                                8:0    0   40G  0 disk 
├─sda1                             8:1    0    1M  0 part 
├─sda2                             8:2    0    1G  0 part /boot
└─sda3                             8:3    0   39G  0 part 
  ├─VolGroup00-LogVol00          253:0    0    8G  0 lvm  /
  ├─VolGroup00-LogVol01          253:1    0  1.5G  0 lvm  [SWAP]
  ├─VolGroup00-LogVol_Home       253:2    0    2G  0 lvm  /home
  ├─VolGroup00-LogVol_Opt_corig  253:11   0    5G  0 lvm  
  │ └─VolGroup00-LogVol_Opt-real 253:12   0    5G  0 lvm  
  │   ├─VolGroup00-LogVol_Opt    253:8    0    5G  0 lvm  
  │   └─VolGroup00-snap_opt      253:14   0    5G  0 lvm  /opt
  └─VolGroup00-snap_opt-cow      253:13   0    5G  0 lvm  
    └─VolGroup00-snap_opt        253:14   0    5G  0 lvm  /opt
sdb                                8:16   0   10G  0 disk 
├─VolGroup00-datacache_lv1_cdata 253:9    0    5G  0 lvm  
│ └─VolGroup00-LogVol_Opt-real   253:12   0    5G  0 lvm  
│   ├─VolGroup00-LogVol_Opt      253:8    0    5G  0 lvm  
│   └─VolGroup00-snap_opt        253:14   0    5G  0 lvm  /opt
└─VolGroup00-datacache_lv1_cmeta 253:10   0   32M  0 lvm  
  └─VolGroup00-LogVol_Opt-real   253:12   0    5G  0 lvm  
    ├─VolGroup00-LogVol_Opt      253:8    0    5G  0 lvm  
    └─VolGroup00-snap_opt        253:14   0    5G  0 lvm  /opt
sdc                                8:32   0    2G  0 disk 
├─vg_var-lv_var_rmeta_0          253:3    0    4M  0 lvm  
│ └─vg_var-lv_var                253:7    0  952M  0 lvm  /var
└─vg_var-lv_var_rimage_0         253:4    0  952M  0 lvm  
  └─vg_var-lv_var                253:7    0  952M  0 lvm  /var
sdd                                8:48   0    1G  0 disk 
├─vg_var-lv_var_rmeta_1          253:5    0    4M  0 lvm  
│ └─vg_var-lv_var                253:7    0  952M  0 lvm  /var
└─vg_var-lv_var_rimage_1         253:6    0  952M  0 lvm  
  └─vg_var-lv_var                253:7    0  952M  0 lvm  /var
sde                                8:64   0    1G  0 disk 
[root@lvm1 ~]# lvs
  LV          VG         Attr       LSize   Pool            Origin             Data%  Meta%  Move Log Cpy%Sync Convert
  LogVol00    VolGroup00 -wi-ao----   8.00g                                                                           
  LogVol01    VolGroup00 -wi-ao----   1.50g                                                                           
  LogVol_Home VolGroup00 -wi-ao----   2.00g                                                                           
  LogVol_Opt  VolGroup00 owi-aoC---   5.00g [datacache_lv1] [LogVol_Opt_corig] 0.00   3.10            0.00            
  snap_opt    VolGroup00 swi-a-s---   5.00g                 LogVol_Opt         0.00                                   
  lv_var      vg_var     rwi-aor--- 952.00m                                                           100.00          
[root@lvm1 ~]# 
