[root@zfs ~]# zpool create otus1 mirror /dev/sdb /dev/sdc
[root@zfs ~]# zpool create otus2 mirror /dev/sdd /dev/sde
[root@zfs ~]# zpool create otus3 mirror /dev/sdf /dev/sdg
[root@zfs ~]# zpool create otus4 mirror /dev/sdh /dev/sdi
[root@zfs ~]# zpool list
NAME    SIZE  ALLOC   FREE  CKPOINT  EXPANDSZ   FRAG    CAP  DEDUP    HEALTH  ALTROOT
otus1   480M  91.5K   480M        -         -     0%     0%  1.00x    ONLINE  -
otus2   480M  91.5K   480M        -         -     0%     0%  1.00x    ONLINE  -
otus3   480M  91.5K   480M        -         -     0%     0%  1.00x    ONLINE  -
otus4   480M   106K   480M        -         -     0%     0%  1.00x    ONLINE  -
[root@zfs ~]# zpool status
  pool: otus1
 state: ONLINE
  scan: none requested
config:

	NAME        STATE     READ WRITE CKSUM
	otus1       ONLINE       0     0     0
	  mirror-0  ONLINE       0     0     0
	    sdb     ONLINE       0     0     0
	    sdc     ONLINE       0     0     0

errors: No known data errors

  pool: otus2
 state: ONLINE
  scan: none requested
config:

	NAME        STATE     READ WRITE CKSUM
	otus2       ONLINE       0     0     0
	  mirror-0  ONLINE       0     0     0
	    sdd     ONLINE       0     0     0
	    sde     ONLINE       0     0     0

errors: No known data errors

  pool: otus3
 state: ONLINE
  scan: none requested
config:

	NAME        STATE     READ WRITE CKSUM
	otus3       ONLINE       0     0     0
	  mirror-0  ONLINE       0     0     0
	    sdf     ONLINE       0     0     0
	    sdg     ONLINE       0     0     0

errors: No known data errors

  pool: otus4
 state: ONLINE
  scan: none requested
config:

	NAME        STATE     READ WRITE CKSUM
	otus4       ONLINE       0     0     0
	  mirror-0  ONLINE       0     0     0
	    sdh     ONLINE       0     0     0
	    sdi     ONLINE       0     0     0

errors: No known data errors
[root@zfs ~]# zfs set compression=lzjb otus1
[root@zfs ~]# zfs set compression=lz4 otus2
[root@zfs ~]# zfs set compression=gzip-9 otus3
[root@zfs ~]# zfs set compression=zle otus4
[root@zfs ~]# zfs get all | grep compression
otus1  compression           lzjb                   local
otus2  compression           lz4                    local
otus3  compression           gzip-9                 local
otus4  compression           zle                    local
[root@zfs ~]# for i in {1..4}; do wget -P /otus$i https://gutenberg.org/cache/epub/2600/pg2600.converter.log; done
--2022-12-09 06:58:11--  https://gutenberg.org/cache/epub/2600/pg2600.converter.log
Resolving gutenberg.org (gutenberg.org)... 152.19.134.47, 2610:28:3090:3000:0:bad:cafe:47
Connecting to gutenberg.org (gutenberg.org)|152.19.134.47|:443... connected.
HTTP request sent, awaiting response... 200 OK
Length: 40884656 (39M) [text/plain]
Saving to: '/otus1/pg2600.converter.log'

100%[=================================================================================================================================================================>] 40,884,656  1.14MB/s   in 38s    

2022-12-09 06:58:50 (1.04 MB/s) - '/otus1/pg2600.converter.log' saved [40884656/40884656]

--2022-12-09 06:58:50--  https://gutenberg.org/cache/epub/2600/pg2600.converter.log
Resolving gutenberg.org (gutenberg.org)... 152.19.134.47, 2610:28:3090:3000:0:bad:cafe:47
Connecting to gutenberg.org (gutenberg.org)|152.19.134.47|:443... connected.
HTTP request sent, awaiting response... 200 OK
Length: 40884656 (39M) [text/plain]
Saving to: '/otus2/pg2600.converter.log'

100%[=================================================================================================================================================================>] 40,884,656  1.13MB/s   in 37s    

2022-12-09 06:59:27 (1.06 MB/s) - '/otus2/pg2600.converter.log' saved [40884656/40884656]

--2022-12-09 06:59:27--  https://gutenberg.org/cache/epub/2600/pg2600.converter.log
Resolving gutenberg.org (gutenberg.org)... 152.19.134.47, 2610:28:3090:3000:0:bad:cafe:47
Connecting to gutenberg.org (gutenberg.org)|152.19.134.47|:443... connected.
HTTP request sent, awaiting response... 200 OK
Length: 40884656 (39M) [text/plain]
Saving to: '/otus3/pg2600.converter.log'

100%[=================================================================================================================================================================>] 40,884,656  1.12MB/s   in 1m 48s 

2022-12-09 07:01:17 (368 KB/s) - '/otus3/pg2600.converter.log' saved [40884656/40884656]

--2022-12-09 07:01:17--  https://gutenberg.org/cache/epub/2600/pg2600.converter.log
Resolving gutenberg.org (gutenberg.org)... 152.19.134.47, 2610:28:3090:3000:0:bad:cafe:47
Connecting to gutenberg.org (gutenberg.org)|152.19.134.47|:443... connected.
HTTP request sent, awaiting response... 200 OK
Length: 40884656 (39M) [text/plain]
Saving to: '/otus4/pg2600.converter.log'

100%[=================================================================================================================================================================>] 40,884,656  1.11MB/s   in 39s    

2022-12-09 07:01:57 (1014 KB/s) - '/otus4/pg2600.converter.log' saved [40884656/40884656]

[root@zfs ~]# ls -l /otus*
/otus1:
total 22034
-rw-r--r--. 1 root root 40884656 Dec  2 09:38 pg2600.converter.log

/otus2:
total 17980
-rw-r--r--. 1 root root 40884656 Dec  2 09:38 pg2600.converter.log

/otus3:
total 10953
-rw-r--r--. 1 root root 40884656 Dec  2 09:38 pg2600.converter.log

/otus4:
total 39963
-rw-r--r--. 1 root root 40884656 Dec  2 09:38 pg2600.converter.log
[root@zfs ~]# ls -lh /otus*
/otus1:
total 22M
-rw-r--r--. 1 root root 39M Dec  2 09:38 pg2600.converter.log

/otus2:
total 18M
-rw-r--r--. 1 root root 39M Dec  2 09:38 pg2600.converter.log

/otus3:
total 11M
-rw-r--r--. 1 root root 39M Dec  2 09:38 pg2600.converter.log

/otus4:
total 40M
-rw-r--r--. 1 root root 39M Dec  2 09:38 pg2600.converter.log
[root@zfs ~]# zfs list
NAME    USED  AVAIL     REFER  MOUNTPOINT
otus1  21.6M   330M     21.5M  /otus1
otus2  17.7M   334M     17.6M  /otus2
otus3  10.8M   341M     10.7M  /otus3
otus4  39.1M   313M     39.0M  /otus4
[root@zfs ~]# zfs get all | grep compressratio | grep -v ref
otus1  compressratio         1.81x                  -
otus2  compressratio         2.22x                  -
otus3  compressratio         3.64x                  -
otus4  compressratio         1.00x                  -
[root@zfs ~]# wget -O archive.tar.gz --no-check-certificate ‘https://drive.google.com/u/0/uc?id=1KRBNW33QWqbvbVHa3hLJivOAt60yukkg&export=download’
[1] 13856
[root@zfs ~]# ‘https://drive.google.com/u/0/uc?id=1KRBNW33QWqbvbVHa3hLJivOAt60yukkg: Scheme missing.
^C
[1]+  Exit 1                  wget -O archive.tar.gz --no-check-certificate ‘https://drive.google.com/u/0/uc?id=1KRBNW33QWqbvbVHa3hLJivOAt60yukkg
[root@zfs ~]# wget -O archive.tar.gz --no-check-certificate ‘https://drive.google.com/u/0/uc?id=1KRBNW33QWqbvbVHa3hLJivOAt60yukkg&export=download’
[1] 13857
[root@zfs ~]# ‘https://drive.google.com/u/0/uc?id=1KRBNW33QWqbvbVHa3hLJivOAt60yukkg: Scheme missing.
^C
[1]+  Exit 1                  wget -O archive.tar.gz --no-check-certificate ‘https://drive.google.com/u/0/uc?id=1KRBNW33QWqbvbVHa3hLJivOAt60yukkg
[root@zfs ~]# wget -O archive.tar.gz --no-check-certificate "https://drive.google.com/u/0/uc?id=1KRBNW33QWqbvbVHa3hLJivOAt60yukkg&export=download"
--2022-12-09 07:14:37--  https://drive.google.com/u/0/uc?id=1KRBNW33QWqbvbVHa3hLJivOAt60yukkg&export=download
Resolving drive.google.com (drive.google.com)... 142.250.27.194, 2a00:1450:4025:401::c2
Connecting to drive.google.com (drive.google.com)|142.250.27.194|:443... connected.
HTTP request sent, awaiting response... 302 Found
Location: https://drive.google.com/uc?id=1KRBNW33QWqbvbVHa3hLJivOAt60yukkg&export=download [following]
--2022-12-09 07:14:38--  https://drive.google.com/uc?id=1KRBNW33QWqbvbVHa3hLJivOAt60yukkg&export=download
Reusing existing connection to drive.google.com:443.
HTTP request sent, awaiting response... 303 See Other
Location: https://doc-0c-bo-docs.googleusercontent.com/docs/securesc/ha0ro937gcuc7l7deffksulhg5h7mbp1/95eja8v0v47hjkaulp6pvepsnrb3j3tt/1670570025000/16189157874053420687/*/1KRBNW33QWqbvbVHa3hLJivOAt60yukkg?e=download&uuid=b2804271-620e-42e1-86f0-90562e228feb [following]
Warning: wildcards not supported in HTTP.
--2022-12-09 07:14:42--  https://doc-0c-bo-docs.googleusercontent.com/docs/securesc/ha0ro937gcuc7l7deffksulhg5h7mbp1/95eja8v0v47hjkaulp6pvepsnrb3j3tt/1670570025000/16189157874053420687/*/1KRBNW33QWqbvbVHa3hLJivOAt60yukkg?e=download&uuid=b2804271-620e-42e1-86f0-90562e228feb
Resolving doc-0c-bo-docs.googleusercontent.com (doc-0c-bo-docs.googleusercontent.com)... 142.250.179.193, 2a00:1450:400e:803::2001
Connecting to doc-0c-bo-docs.googleusercontent.com (doc-0c-bo-docs.googleusercontent.com)|142.250.179.193|:443... connected.
HTTP request sent, awaiting response... 200 OK
Length: 7275140 (6.9M) [application/x-gzip]
Saving to: 'archive.tar.gz'

100%[=================================================================================================================================================================>] 7,275,140   1.08MB/s   in 6.4s   

2022-12-09 07:14:49 (1.08 MB/s) - 'archive.tar.gz' saved [7275140/7275140]

[root@zfs ~]# tar -xzvf archive.tar.gz
zpoolexport/
zpoolexport/filea
zpoolexport/fileb
[root@zfs ~]# ll zpoolexport/
total 1024000
-rw-r--r--. 1 root root 524288000 May 15  2020 filea
-rw-r--r--. 1 root root 524288000 May 15  2020 fileb
[root@zfs ~]# zpool import -d zpoolexport/
   pool: otus
     id: 6554193320433390805
  state: ONLINE
 action: The pool can be imported using its name or numeric identifier.
 config:

	otus                         ONLINE
	  mirror-0                   ONLINE
	    /root/zpoolexport/filea  ONLINE
	    /root/zpoolexport/fileb  ONLINE
[root@zfs ~]# zpool import -d zpoolexport/ otus
[root@zfs ~]# zpool status
  pool: otus
 state: ONLINE
  scan: none requested
config:

	NAME                         STATE     READ WRITE CKSUM
	otus                         ONLINE       0     0     0
	  mirror-0                   ONLINE       0     0     0
	    /root/zpoolexport/filea  ONLINE       0     0     0
	    /root/zpoolexport/fileb  ONLINE       0     0     0

errors: No known data errors

  pool: otus1
 state: ONLINE
  scan: none requested
config:

	NAME        STATE     READ WRITE CKSUM
	otus1       ONLINE       0     0     0
	  mirror-0  ONLINE       0     0     0
	    sdb     ONLINE       0     0     0
	    sdc     ONLINE       0     0     0

errors: No known data errors

  pool: otus2
 state: ONLINE
  scan: none requested
config:

	NAME        STATE     READ WRITE CKSUM
	otus2       ONLINE       0     0     0
	  mirror-0  ONLINE       0     0     0
	    sdd     ONLINE       0     0     0
	    sde     ONLINE       0     0     0

errors: No known data errors

  pool: otus3
 state: ONLINE
  scan: none requested
config:

	NAME        STATE     READ WRITE CKSUM
	otus3       ONLINE       0     0     0
	  mirror-0  ONLINE       0     0     0
	    sdf     ONLINE       0     0     0
	    sdg     ONLINE       0     0     0

errors: No known data errors

  pool: otus4
 state: ONLINE
  scan: none requested
config:

	NAME        STATE     READ WRITE CKSUM
	otus4       ONLINE       0     0     0
	  mirror-0  ONLINE       0     0     0
	    sdh     ONLINE       0     0     0
	    sdi     ONLINE       0     0     0

errors: No known data errors
[root@zfs ~]# zpool get all otus
NAME  PROPERTY                       VALUE                          SOURCE
otus  size                           480M                           -
otus  capacity                       0%                             -
otus  altroot                        -                              default
otus  health                         ONLINE                         -
otus  guid                           6554193320433390805            -
otus  version                        -                              default
otus  bootfs                         -                              default
otus  delegation                     on                             default
otus  autoreplace                    off                            default
otus  cachefile                      -                              default
otus  failmode                       wait                           default
otus  listsnapshots                  off                            default
otus  autoexpand                     off                            default
otus  dedupditto                     0                              default
otus  dedupratio                     1.00x                          -
otus  free                           478M                           -
otus  allocated                      2.09M                          -
otus  readonly                       off                            -
otus  ashift                         0                              default
otus  comment                        -                              default
otus  expandsize                     -                              -
otus  freeing                        0                              -
otus  fragmentation                  0%                             -
otus  leaked                         0                              -
otus  multihost                      off                            default
otus  checkpoint                     -                              -
otus  load_guid                      1893406533528557148            -
otus  autotrim                       off                            default
otus  feature@async_destroy          enabled                        local
otus  feature@empty_bpobj            active                         local
otus  feature@lz4_compress           active                         local
otus  feature@multi_vdev_crash_dump  enabled                        local
otus  feature@spacemap_histogram     active                         local
otus  feature@enabled_txg            active                         local
otus  feature@hole_birth             active                         local
otus  feature@extensible_dataset     active                         local
otus  feature@embedded_data          active                         local
otus  feature@bookmarks              enabled                        local
otus  feature@filesystem_limits      enabled                        local
otus  feature@large_blocks           enabled                        local
otus  feature@large_dnode            enabled                        local
otus  feature@sha512                 enabled                        local
otus  feature@skein                  enabled                        local
otus  feature@edonr                  enabled                        local
otus  feature@userobj_accounting     active                         local
otus  feature@encryption             enabled                        local
otus  feature@project_quota          active                         local
otus  feature@device_removal         enabled                        local
otus  feature@obsolete_counts        enabled                        local
otus  feature@zpool_checkpoint       enabled                        local
otus  feature@spacemap_v2            active                         local
otus  feature@allocation_classes     enabled                        local
otus  feature@resilver_defer         enabled                        local
otus  feature@bookmark_v2            enabled                        local
[root@zfs ~]# zfs get all otus
NAME  PROPERTY              VALUE                  SOURCE
otus  type                  filesystem             -
otus  creation              Fri May 15  4:00 2020  -
otus  used                  2.04M                  -
otus  available             350M                   -
otus  referenced            24K                    -
otus  compressratio         1.00x                  -
otus  mounted               yes                    -
otus  quota                 none                   default
otus  reservation           none                   default
otus  recordsize            128K                   local
otus  mountpoint            /otus                  default
otus  sharenfs              off                    default
otus  checksum              sha256                 local
otus  compression           zle                    local
otus  atime                 on                     default
otus  devices               on                     default
otus  exec                  on                     default
otus  setuid                on                     default
otus  readonly              off                    default
otus  zoned                 off                    default
otus  snapdir               hidden                 default
otus  aclinherit            restricted             default
otus  createtxg             1                      -
otus  canmount              on                     default
otus  xattr                 on                     default
otus  copies                1                      default
otus  version               5                      -
otus  utf8only              off                    -
otus  normalization         none                   -
otus  casesensitivity       sensitive              -
otus  vscan                 off                    default
otus  nbmand                off                    default
otus  sharesmb              off                    default
otus  refquota              none                   default
otus  refreservation        none                   default
otus  guid                  14592242904030363272   -
otus  primarycache          all                    default
otus  secondarycache        all                    default
otus  usedbysnapshots       0B                     -
otus  usedbydataset         24K                    -
otus  usedbychildren        2.01M                  -
otus  usedbyrefreservation  0B                     -
otus  logbias               latency                default
otus  objsetid              54                     -
otus  dedup                 off                    default
otus  mlslabel              none                   default
otus  sync                  standard               default
otus  dnodesize             legacy                 default
otus  refcompressratio      1.00x                  -
otus  written               24K                    -
otus  logicalused           1020K                  -
otus  logicalreferenced     12K                    -
otus  volmode               default                default
otus  filesystem_limit      none                   default
otus  snapshot_limit        none                   default
otus  filesystem_count      none                   default
otus  snapshot_count        none                   default
otus  snapdev               hidden                 default
otus  acltype               off                    default
otus  context               none                   default
otus  fscontext             none                   default
otus  defcontext            none                   defaul                   default
otus  overlay               off                    default
otus  encryption            off                    default
otus  keylocation           none                   default
otus  keyformat             none                   default
otus  pbkdf2iters           0                      default
otus  special_small_blocks  0                      default
[root@zfs ~]# zfs get available otus
NAME  PROPERTY   VALUE  SOURCE
otus  available  350M   -
[root@zfs ~]# zfs get readonly otus
NAME  PROPERTY  VALUE   SOURCE
otus  readonly  off     default
[root@zfs ~]# zfs get recordsize otus
NAME  PROPERTY    VALUE    SOURCE
otus  recordsize  128K     local
[root@zfs ~]# zfs get compression otus
NAME  PROPERTY     VALUE     SOURCE
otus  compression  zle       local
[root@zfs ~]# zfs get checksum otus
NAME  PROPERTY  VALUE      SOURCE
otus  checksum  sha256     local
[root@zfs ~]# wget -O otus_task2.file --no-check-certificate 'https://drive.google.com/u/0/uc?id=1gH8gCL9y7Nd5Ti3IRmplZPF1XjzxeRAG&export=download'
--2022-12-09 07:23:07--  https://drive.google.com/u/0/uc?id=1gH8gCL9y7Nd5Ti3IRmplZPF1XjzxeRAG&export=download
Resolving drive.google.com (drive.google.com)... 142.250.27.194, 2a00:1450:4025:401::c2
Connecting to drive.google.com (drive.google.com)|142.250.27.194|:443... connected.
HTTP request sent, awaiting response... 302 Found
Location: https://drive.google.com/uc?id=1gH8gCL9y7Nd5Ti3IRmplZPF1XjzxeRAG&export=download [following]
--2022-12-09 07:23:08--  https://drive.google.com/uc?id=1gH8gCL9y7Nd5Ti3IRmplZPF1XjzxeRAG&export=download
Reusing existing connection to drive.google.com:443.
HTTP request sent, awaiting response... 303 See Other
Location: https://doc-00-bo-docs.googleusercontent.com/docs/securesc/ha0ro937gcuc7l7deffksulhg5h7mbp1/5lpgbv19ju39mnmr232n317o4luqi98k/1670570550000/16189157874053420687/*/1gH8gCL9y7Nd5Ti3IRmplZPF1XjzxeRAG?e=download&uuid=9f35bce1-5f4f-4d7a-8419-3134474a7c7f [following]
Warning: wildcards not supported in HTTP.
--2022-12-09 07:23:11--  https://doc-00-bo-docs.googleusercontent.com/docs/securesc/ha0ro937gcuc7l7deffksulhg5h7mbp1/5lpgbv19ju39mnmr232n317o4luqi98k/1670570550000/16189157874053420687/*/1gH8gCL9y7Nd5Ti3IRmplZPF1XjzxeRAG?e=download&uuid=9f35bce1-5f4f-4d7a-8419-3134474a7c7f
Resolving doc-00-bo-docs.googleusercontent.com (doc-00-bo-docs.googleusercontent.com)... 142.250.179.193, 2a00:1450:400e:803::2001
Connecting to doc-00-bo-docs.googleusercontent.com (doc-00-bo-docs.googleusercontent.com)|142.250.179.193|:443... connected.
HTTP request sent, awaiting response... 200 OK
Length: 5432736 (5.2M) [application/octet-stream]
Saving to: 'otus_task2.file'

100%[=================================================================================================================================================================>] 5,432,736   1.12MB/s   in 4.7s   

2022-12-09 07:23:17 (1.10 MB/s) - 'otus_task2.file' saved [5432736/5432736]

[root@zfs ~]# ll
total 12688
-rw-------. 1 root root    5570 Apr 30  2020 anaconda-ks.cfg
-rw-r--r--. 1 root root 7275140 Dec  9 07:14 archive.tar.gz
-rw-------. 1 root root    5300 Apr 30  2020 original-ks.cfg
-rw-r--r--. 1 root root 5432736 Dec  9 07:23 otus_task2.file
-rw-r--r--. 1 root root  241664 Dec  9 07:23 typescript
drwxr-xr-x. 2 root root      32 May 15  2020 zpoolexport
[root@zfs ~]# zfs receive otus/test@today < otus_task2.file
[root@zfs ~]# cat /otus
otus/  otus1/ otus2/ otus3/ otus4/ 
[root@zfs ~]# cat /otus/
hometask2/ test/      
[root@zfs ~]# cat /otus/
hometask2/ test/      
[root@zfs ~]# cat /otus/test/
10M.file           cinderella.tar     for_examaple.txt   homework4.txt      Limbo.txt          Moby_Dick.txt      task1/             War_and_Peace.txt  world.sql          
[root@zfs ~]# find /otus/test -name "secret_message"
/otus/test/task1/file_mess/secret_message
[root@zfs ~]# cat /otus/test/task1/file_mess/secret_message
https://github.com/sindresorhus/awesome
[root@zfs ~]# 
